######## Installing:  bzip2 ###############################
######## Installing:  zstd ###############################
######## Installing:  lz4 ###############################
######## Installing:  snappy ###############################
######## Installing:  capstone ###############################
######## Installing:  bmi ###############################
######## Installing:  libfabric ###############################
######## Installing:  mercury ###############################
######## Installing:  argobots ###############################
######## Installing:  margo ###############################
######## Installing:  rocksdb ###############################
######## Installing:  rocksdb:experimental ###############################
WARNING: Install script for 'rocksdb:experimental' not found. Skipping.
######## Installing:  syscall_intercept ###############################
######## Installing:  date ###############################
######## Installing:  psm2 ###############################
WARNING: Install script for 'psm2' not found. Skipping.
######## Installing:  agios ###############################
