######## Installing:  bzip2 ###############################
######## Installing:  zstd ###############################
######## Installing:  lz4 ###############################
######## Installing:  snappy ###############################
######## Installing:  capstone ###############################
######## Installing:  bmi ###############################
######## Installing:  libfabric ###############################
######## Installing:  mercury ###############################
######## Installing:  argobots ###############################
######## Installing:  margo ###############################
######## Installing:  rocksdb ###############################
######## Installing:  syscall_intercept ###############################
######## Installing:  date ###############################
######## Installing:  agios ###############################
